../Drivers/lvgl/src/extra/themes/mono/../../../../src/hal/../draw/../misc/lv_color.h:594:26:lv_color_make	16	static
../Drivers/lvgl/src/extra/themes/mono/../../../../src/hal/../draw/../misc/lv_color.h:695:26:lv_color_white	8	static
../Drivers/lvgl/src/extra/themes/mono/../../../../src/hal/../draw/../misc/lv_color.h:699:26:lv_color_black	8	static
../Drivers/lvgl/src/extra/themes/mono/../../../../src/hal/../draw/../misc/lv_style.h:529:20:lv_style_set_pad_all	16	static
../Drivers/lvgl/src/extra/themes/mono/../../../../src/hal/../draw/../misc/lv_style.h:549:20:lv_style_set_pad_gap	16	static
../Drivers/lvgl/src/extra/themes/mono/lv_theme_mono.c:76:13:style_init	24	static
../Drivers/lvgl/src/extra/themes/mono/lv_theme_mono.c:165:6:lv_theme_mono_is_inited	4	static
../Drivers/lvgl/src/extra/themes/mono/lv_theme_mono.c:170:14:lv_theme_mono_init	24	static
../Drivers/lvgl/src/extra/themes/mono/lv_theme_mono.c:197:13:theme_apply	24	static
../Drivers/lvgl/src/extra/themes/mono/lv_theme_mono.c:491:13:style_init_reset	16	static
