../Drivers/lvgl/src/extra/widgets/msgbox/../../../../src/hal/../draw/../misc/../font/../misc/lv_area.h:294:26:lv_pct	16	static
../Drivers/lvgl/src/extra/widgets/msgbox/../../../../src/hal/../draw/../misc/../font/lv_font.h:124:26:lv_font_get_line_height	16	static
../Drivers/lvgl/src/extra/widgets/msgbox/../../../../src/core/lv_obj_style_gen.h:463:33:lv_obj_get_style_text_font	24	static
../Drivers/lvgl/src/extra/widgets/msgbox/../../../../src/core/lv_disp.h:191:26:lv_layer_top	8	static
../Drivers/lvgl/src/extra/widgets/msgbox/lv_msgbox.c:61:12:lv_msgbox_create	72	static
../Drivers/lvgl/src/extra/widgets/msgbox/lv_msgbox.c:141:12:lv_msgbox_get_title	24	static
../Drivers/lvgl/src/extra/widgets/msgbox/lv_msgbox.c:148:12:lv_msgbox_get_close_btn	24	static
../Drivers/lvgl/src/extra/widgets/msgbox/lv_msgbox.c:155:12:lv_msgbox_get_text	24	static
../Drivers/lvgl/src/extra/widgets/msgbox/lv_msgbox.c:162:12:lv_msgbox_get_content	24	static
../Drivers/lvgl/src/extra/widgets/msgbox/lv_msgbox.c:169:12:lv_msgbox_get_btns	24	static
../Drivers/lvgl/src/extra/widgets/msgbox/lv_msgbox.c:176:10:lv_msgbox_get_active_btn	24	static
../Drivers/lvgl/src/extra/widgets/msgbox/lv_msgbox.c:182:14:lv_msgbox_get_active_btn_text	24	static
../Drivers/lvgl/src/extra/widgets/msgbox/lv_msgbox.c:188:6:lv_msgbox_close	16	static
../Drivers/lvgl/src/extra/widgets/msgbox/lv_msgbox.c:194:6:lv_msgbox_close_async	16	static
../Drivers/lvgl/src/extra/widgets/msgbox/lv_msgbox.c:204:13:msgbox_close_click_event_cb	24	static
