../Drivers/lvgl/examples/widgets/label/../../../src/hal/../draw/../misc/lv_color.h:594:26:lv_color_make	16	static
../Drivers/lvgl/examples/widgets/label/../../../src/hal/../draw/../misc/lv_color.h:599:26:lv_color_hex	24	static
../Drivers/lvgl/examples/widgets/label/../../../src/hal/../draw/../misc/lv_color.h:695:26:lv_color_white	8	static
../Drivers/lvgl/examples/widgets/label/../../../src/hal/../draw/../misc/lv_color.h:699:26:lv_color_black	8	static
../Drivers/lvgl/examples/widgets/label/../../../src/hal/../draw/sw/../../core/lv_obj_pos.h:199:20:lv_obj_center	16	static
../Drivers/lvgl/examples/widgets/label/../../../src/core/lv_disp.h:182:26:lv_scr_act	8	static
../Drivers/lvgl/examples/widgets/label/lv_example_label_4.c:7:13:add_mask_event_cb	32	static
../Drivers/lvgl/examples/widgets/label/lv_example_label_4.c:32:6:lv_example_label_4	56	static
