../Drivers/lvgl/examples/widgets/btnmatrix/../../../src/hal/../draw/../misc/../font/../misc/lv_area.h:123:26:lv_area_get_width	16	static
../Drivers/lvgl/examples/widgets/btnmatrix/../../../src/hal/../draw/../misc/../font/../misc/lv_area.h:133:26:lv_area_get_height	16	static
../Drivers/lvgl/examples/widgets/btnmatrix/../../../src/hal/../draw/../misc/lv_color.h:594:26:lv_color_make	16	static
../Drivers/lvgl/examples/widgets/btnmatrix/../../../src/hal/../draw/../misc/lv_color.h:695:26:lv_color_white	8	static
../Drivers/lvgl/examples/widgets/btnmatrix/../../../src/hal/../draw/../misc/lv_color.h:699:26:lv_color_black	8	static
../Drivers/lvgl/examples/widgets/btnmatrix/../../../src/hal/../draw/sw/../../core/lv_obj_pos.h:199:20:lv_obj_center	16	static
../Drivers/lvgl/examples/widgets/btnmatrix/../../../src/core/lv_disp.h:182:26:lv_scr_act	8	static
../Drivers/lvgl/examples/widgets/btnmatrix/lv_example_btnmatrix_2.c:4:13:event_cb	80	static
../Drivers/lvgl/examples/widgets/btnmatrix/lv_example_btnmatrix_2.c:70:6:lv_example_btnmatrix_2	16	static
