../Drivers/lvgl/src/hal/../draw/../misc/lv_color.h:374:24:lv_color_to32	24	static
../Drivers/lvgl/src/hal/../draw/../misc/lv_color.h:438:48:lv_color_mix	32	static
../Drivers/lvgl/src/hal/../draw/../misc/lv_color.h:530:42:lv_color_mix_with_alpha	24	static
../Drivers/lvgl/src/hal/../draw/../misc/lv_color.h:586:23:lv_color_brightness	24	static
../Drivers/lvgl/src/hal/../draw/../misc/lv_color.h:594:26:lv_color_make	16	static
../Drivers/lvgl/src/hal/../draw/../misc/lv_color.h:599:26:lv_color_hex	24	static
../Drivers/lvgl/src/hal/../draw/../misc/lv_color.h:695:26:lv_color_white	8	static
../Drivers/lvgl/src/hal/../core/lv_obj_style.h:92:20:lv_obj_remove_style_all	16	static
../Drivers/lvgl/src/hal/lv_hal_disp.c:84:6:lv_disp_drv_init	24	static
../Drivers/lvgl/src/hal/lv_hal_disp.c:150:6:lv_disp_draw_buf_init	24	static
../Drivers/lvgl/src/hal/lv_hal_disp.c:166:13:lv_disp_drv_register	48	static
../Drivers/lvgl/src/hal/lv_hal_disp.c:250:6:lv_disp_drv_update	32	static
../Drivers/lvgl/src/hal/lv_hal_disp.c:291:6:lv_disp_remove	24	static
../Drivers/lvgl/src/hal/lv_hal_disp.c:332:6:lv_disp_set_default	16	static
../Drivers/lvgl/src/hal/lv_hal_disp.c:341:13:lv_disp_get_default	4	static
../Drivers/lvgl/src/hal/lv_hal_disp.c:351:12:lv_disp_get_hor_res	16	static
../Drivers/lvgl/src/hal/lv_hal_disp.c:374:12:lv_disp_get_ver_res	16	static
../Drivers/lvgl/src/hal/lv_hal_disp.c:397:12:lv_disp_get_physical_hor_res	16	static
../Drivers/lvgl/src/hal/lv_hal_disp.c:420:12:lv_disp_get_physical_ver_res	16	static
../Drivers/lvgl/src/hal/lv_hal_disp.c:443:12:lv_disp_get_offset_x	16	static
../Drivers/lvgl/src/hal/lv_hal_disp.c:469:12:lv_disp_get_offset_y	16	static
../Drivers/lvgl/src/hal/lv_hal_disp.c:495:6:lv_disp_get_antialiasing	16	static
../Drivers/lvgl/src/hal/lv_hal_disp.c:508:12:lv_disp_get_dpi	16	static
../Drivers/lvgl/src/hal/lv_hal_disp.c:519:31:lv_disp_flush_ready	16	static
../Drivers/lvgl/src/hal/lv_hal_disp.c:531:31:lv_disp_flush_is_last	16	static
../Drivers/lvgl/src/hal/lv_hal_disp.c:541:13:lv_disp_get_next	16	static
../Drivers/lvgl/src/hal/lv_hal_disp.c:554:22:lv_disp_get_draw_buf	16	static
../Drivers/lvgl/src/hal/lv_hal_disp.c:564:6:lv_disp_set_rotation	16	static
../Drivers/lvgl/src/hal/lv_hal_disp.c:578:15:lv_disp_get_rotation	16	static
../Drivers/lvgl/src/hal/lv_hal_disp.c:585:6:lv_disp_drv_use_generic_set_px_cb	16	static
../Drivers/lvgl/src/hal/lv_hal_disp.c:612:31:invalidate_layout_cb	16	static
../Drivers/lvgl/src/hal/lv_hal_disp.c:619:13:set_px_cb_alpha1	48	static
../Drivers/lvgl/src/hal/lv_hal_disp.c:633:13:set_px_cb_alpha2	48	static
../Drivers/lvgl/src/hal/lv_hal_disp.c:647:13:set_px_cb_alpha4	48	static
../Drivers/lvgl/src/hal/lv_hal_disp.c:661:13:set_px_cb_alpha8	48	static
../Drivers/lvgl/src/hal/lv_hal_disp.c:675:13:set_px_alpha_generic	32	static
../Drivers/lvgl/src/hal/lv_hal_disp.c:689:13:set_px_true_color_alpha	48	static
