../Drivers/lvgl/src/draw/stm32_dma2d/../../misc/lv_color.h:374:24:lv_color_to32	24	static
../Drivers/lvgl/src/draw/stm32_dma2d/../../hal/../misc/lv_area.h:110:20:lv_area_copy	16	static
../Drivers/lvgl/src/draw/stm32_dma2d/../../hal/../misc/lv_area.h:123:26:lv_area_get_width	16	static
../Drivers/lvgl/src/draw/stm32_dma2d/../../hal/../misc/lv_area.h:133:26:lv_area_get_height	16	static
../Drivers/lvgl/src/draw/stm32_dma2d/lv_gpu_stm32_dma2d.c:82:6:lv_draw_stm32_dma2d_init	16	static,ignoring_inline_asm
../Drivers/lvgl/src/draw/stm32_dma2d/lv_gpu_stm32_dma2d.c:107:6:lv_draw_stm32_dma2d_ctx_init	24	static
../Drivers/lvgl/src/draw/stm32_dma2d/lv_gpu_stm32_dma2d.c:119:6:lv_draw_stm32_dma2d_ctx_deinit	16	static
../Drivers/lvgl/src/draw/stm32_dma2d/lv_gpu_stm32_dma2d.c:125:13:lv_draw_stm32_dma2d_blend	88	static
../Drivers/lvgl/src/draw/stm32_dma2d/lv_gpu_stm32_dma2d.c:235:13:lv_draw_stm32_dma2d_buffer_copy	56	static
../Drivers/lvgl/src/draw/stm32_dma2d/lv_gpu_stm32_dma2d.c:255:13:lv_draw_stm32_dma2d_img_decoded	80	static
../Drivers/lvgl/src/draw/stm32_dma2d/lv_gpu_stm32_dma2d.c:283:19:lv_area_get_offset	24	static
../Drivers/lvgl/src/draw/stm32_dma2d/lv_gpu_stm32_dma2d.c:289:29:lv_color_format_to_dma2d_color_format	16	static
../Drivers/lvgl/src/draw/stm32_dma2d/lv_gpu_stm32_dma2d.c:317:10:lv_draw_stm32_dma2d_img	40	static
../Drivers/lvgl/src/draw/stm32_dma2d/lv_gpu_stm32_dma2d.c:363:28:_lv_draw_stm32_dma2d_blend_fill	48	static
../Drivers/lvgl/src/draw/stm32_dma2d/lv_gpu_stm32_dma2d.c:434:28:_lv_draw_stm32_dma2d_blend_map	48	static
../Drivers/lvgl/src/draw/stm32_dma2d/lv_gpu_stm32_dma2d.c:533:28:_lv_draw_stm32_dma2d_blend_paint	48	static
../Drivers/lvgl/src/draw/stm32_dma2d/lv_gpu_stm32_dma2d.c:583:6:_lv_draw_stm32_dma2d_copy_buffer	48	static
../Drivers/lvgl/src/draw/stm32_dma2d/lv_gpu_stm32_dma2d.c:619:28:_lv_gpu_stm32_dma2d_start_dma_transfer	24	static
../Drivers/lvgl/src/draw/stm32_dma2d/lv_gpu_stm32_dma2d.c:634:28:_lv_gpu_stm32_dma2d_await_dma_transfer_finish	24	static
../Drivers/lvgl/src/draw/stm32_dma2d/lv_gpu_stm32_dma2d.c:666:6:_lv_gpu_stm32_dma2d_invalidate_cache	48	static,ignoring_inline_asm
../Drivers/lvgl/src/draw/stm32_dma2d/lv_gpu_stm32_dma2d.c:696:6:_lv_gpu_stm32_dma2d_clean_cache	48	static,ignoring_inline_asm
