../Drivers/lvgl/demos/widgets/../../src/misc/lv_anim.h:126:20:lv_anim_set_var	16	static
../Drivers/lvgl/demos/widgets/../../src/misc/lv_anim.h:138:20:lv_anim_set_exec_cb	16	static
../Drivers/lvgl/demos/widgets/../../src/misc/lv_anim.h:148:20:lv_anim_set_time	16	static
../Drivers/lvgl/demos/widgets/../../src/misc/lv_anim.h:169:20:lv_anim_set_values	24	static
../Drivers/lvgl/demos/widgets/../../src/misc/lv_anim.h:247:20:lv_anim_set_playback_time	16	static
../Drivers/lvgl/demos/widgets/../../src/misc/lv_anim.h:267:20:lv_anim_set_repeat_count	16	static
../Drivers/lvgl/demos/widgets/../../src/hal/../draw/../misc/../font/../misc/lv_area.h:123:26:lv_area_get_width	16	static
../Drivers/lvgl/demos/widgets/../../src/hal/../draw/../misc/../font/../misc/lv_area.h:133:26:lv_area_get_height	16	static
../Drivers/lvgl/demos/widgets/../../src/hal/../draw/../misc/../font/../misc/lv_area.h:294:26:lv_pct	16	static
../Drivers/lvgl/demos/widgets/../../src/hal/../draw/../misc/lv_color.h:594:26:lv_color_make	16	static
../Drivers/lvgl/demos/widgets/../../src/hal/../draw/../misc/lv_color.h:695:26:lv_color_white	8	static
../Drivers/lvgl/demos/widgets/../../src/hal/../draw/../misc/lv_color.h:699:26:lv_color_black	8	static
../Drivers/lvgl/demos/widgets/../../src/hal/../draw/sw/../../core/lv_obj_pos.h:199:20:lv_obj_center	16	static
../Drivers/lvgl/demos/widgets/../../src/core/lv_obj_style.h:92:20:lv_obj_remove_style_all	16	static
../Drivers/lvgl/demos/widgets/../../src/core/lv_obj_style.h:205:20:lv_obj_set_style_pad_all	24	static
../Drivers/lvgl/demos/widgets/../../src/core/lv_obj_style.h:213:20:lv_obj_set_style_pad_hor	24	static
../Drivers/lvgl/demos/widgets/../../src/core/lv_obj_style.h:225:20:lv_obj_set_style_pad_gap	24	static
../Drivers/lvgl/demos/widgets/../../src/core/lv_obj_style.h:231:20:lv_obj_set_style_size	24	static
../Drivers/lvgl/demos/widgets/../../src/core/lv_disp.h:182:26:lv_scr_act	8	static
../Drivers/lvgl/demos/widgets/../../src/core/lv_disp.h:191:26:lv_layer_top	8	static
../Drivers/lvgl/demos/widgets/../../src/widgets/lv_slider.h:130:23:lv_slider_get_value	16	static
../Drivers/lvgl/demos/widgets/lv_demo_widgets.c:99:6:lv_demo_widgets	56	static
../Drivers/lvgl/demos/widgets/lv_demo_widgets.c:201:6:lv_demo_widgets_close	8	static
../Drivers/lvgl/demos/widgets/lv_demo_widgets.c:221:13:profile_create	152	static
../Drivers/lvgl/demos/widgets/lv_demo_widgets.c:541:13:analytics_create	144	static
../Drivers/lvgl/demos/widgets/lv_demo_widgets.c:794:6:shop_create	72	static
../Drivers/lvgl/demos/widgets/lv_demo_widgets.c:971:13:color_changer_create	40	static
../Drivers/lvgl/demos/widgets/lv_demo_widgets.c:1024:13:color_changer_anim_cb	48	static
../Drivers/lvgl/demos/widgets/lv_demo_widgets.c:1050:13:color_changer_event_cb	96	static
../Drivers/lvgl/demos/widgets/lv_demo_widgets.c:1074:13:color_event_cb	120	static
../Drivers/lvgl/demos/widgets/lv_demo_widgets.c:1106:19:create_meter_box	80	static
../Drivers/lvgl/demos/widgets/lv_demo_widgets.c:1178:19:create_shop_item	56	static
../Drivers/lvgl/demos/widgets/lv_demo_widgets.c:1210:13:ta_event_cb	40	static
../Drivers/lvgl/demos/widgets/lv_demo_widgets.c:1240:13:birthday_event_cb	32	static
../Drivers/lvgl/demos/widgets/lv_demo_widgets.c:1265:13:calendar_event_cb	72	static
../Drivers/lvgl/demos/widgets/lv_demo_widgets.c:1284:13:slider_event_cb	176	static
../Drivers/lvgl/demos/widgets/lv_demo_widgets.c:1329:13:chart_event_cb	240	static
../Drivers/lvgl/demos/widgets/lv_demo_widgets.c:1456:13:shop_chart_event_cb	104	static
../Drivers/lvgl/demos/widgets/lv_demo_widgets.c:1507:13:meter1_indic1_anim_cb	24	static
../Drivers/lvgl/demos/widgets/lv_demo_widgets.c:1516:13:meter1_indic2_anim_cb	24	static
../Drivers/lvgl/demos/widgets/lv_demo_widgets.c:1526:13:meter1_indic3_anim_cb	24	static
../Drivers/lvgl/demos/widgets/lv_demo_widgets.c:1535:13:meter2_timer_cb	40	static
../Drivers/lvgl/demos/widgets/lv_demo_widgets.c:1596:13:meter3_anim_cb	24	static
