../Drivers/lvgl/src/core/../misc/lv_anim.h:126:20:lv_anim_set_var	16	static
../Drivers/lvgl/src/core/../misc/lv_anim.h:138:20:lv_anim_set_exec_cb	16	static
../Drivers/lvgl/src/core/../misc/lv_anim.h:148:20:lv_anim_set_time	16	static
../Drivers/lvgl/src/core/../misc/lv_anim.h:158:20:lv_anim_set_delay	16	static
../Drivers/lvgl/src/core/../misc/lv_anim.h:227:20:lv_anim_set_ready_cb	16	static
../Drivers/lvgl/src/core/lv_obj_tree.c:45:6:lv_obj_del	32	static
../Drivers/lvgl/src/core/lv_obj_tree.c:80:6:lv_obj_clean	24	static
../Drivers/lvgl/src/core/lv_obj_tree.c:104:6:lv_obj_del_delayed	88	static
../Drivers/lvgl/src/core/lv_obj_tree.c:116:6:lv_obj_del_anim_ready_cb	16	static
../Drivers/lvgl/src/core/lv_obj_tree.c:121:6:lv_obj_del_async	16	static
../Drivers/lvgl/src/core/lv_obj_tree.c:127:6:lv_obj_set_parent	32	static
../Drivers/lvgl/src/core/lv_obj_tree.c:184:6:lv_obj_move_to_index	32	static
../Drivers/lvgl/src/core/lv_obj_tree.c:219:6:lv_obj_swap	32	static
../Drivers/lvgl/src/core/lv_obj_tree.c:249:12:lv_obj_get_screen	24	static
../Drivers/lvgl/src/core/lv_obj_tree.c:264:13:lv_obj_get_disp	32	static
../Drivers/lvgl/src/core/lv_obj_tree.c:285:12:lv_obj_get_parent	16	static
../Drivers/lvgl/src/core/lv_obj_tree.c:293:12:lv_obj_get_child	24	static
../Drivers/lvgl/src/core/lv_obj_tree.c:313:10:lv_obj_get_child_cnt	16	static
../Drivers/lvgl/src/core/lv_obj_tree.c:320:10:lv_obj_get_index	24	static
../Drivers/lvgl/src/core/lv_obj_tree.c:335:6:lv_obj_tree_walk	24	static
../Drivers/lvgl/src/core/lv_obj_tree.c:344:13:lv_obj_del_async_cb	16	static
../Drivers/lvgl/src/core/lv_obj_tree.c:351:13:obj_del_core	64	static
../Drivers/lvgl/src/core/lv_obj_tree.c:419:31:walk_core	40	static
