../Drivers/lvgl/src/core/../misc/../font/../misc/lv_area.h:110:20:lv_area_copy	16	static
../Drivers/lvgl/src/core/../misc/../font/../misc/lv_area.h:123:26:lv_area_get_width	16	static
../Drivers/lvgl/src/core/../misc/../font/../misc/lv_area.h:133:26:lv_area_get_height	16	static
../Drivers/lvgl/src/core/lv_obj_style_gen.h:79:26:lv_obj_get_style_transform_zoom	24	static
../Drivers/lvgl/src/core/lv_obj_style_gen.h:85:26:lv_obj_get_style_transform_angle	24	static
../Drivers/lvgl/src/core/lv_obj_style_gen.h:91:26:lv_obj_get_style_transform_pivot_x	24	static
../Drivers/lvgl/src/core/lv_obj_style_gen.h:97:26:lv_obj_get_style_transform_pivot_y	24	static
../Drivers/lvgl/src/core/lv_obj_style_gen.h:511:24:lv_obj_get_style_opa_layered	24	static
../Drivers/lvgl/src/core/lv_obj_style_gen.h:553:31:lv_obj_get_style_blend_mode	24	static
../Drivers/lvgl/src/core/lv_refr.c:103:6:_lv_refr_init	4	static
../Drivers/lvgl/src/core/lv_refr.c:113:6:lv_refr_now	24	static
../Drivers/lvgl/src/core/lv_refr.c:130:6:lv_obj_redraw	64	static
../Drivers/lvgl/src/core/lv_refr.c:205:6:_lv_inv_area	40	static
../Drivers/lvgl/src/core/lv_refr.c:266:13:_lv_refr_get_disp_refreshing	4	static
../Drivers/lvgl/src/core/lv_refr.c:277:6:_lv_refr_set_disp_refreshing	16	static
../Drivers/lvgl/src/core/lv_refr.c:286:6:_lv_disp_refr_timer	32	static
../Drivers/lvgl/src/core/lv_refr.c:476:13:lv_refr_join_area	32	static
../Drivers/lvgl/src/core/lv_refr.c:513:13:refr_sync_areas	104	static
../Drivers/lvgl/src/core/lv_refr.c:585:13:refr_invalid_areas	16	static
../Drivers/lvgl/src/core/lv_refr.c:629:13:refr_area	72	static
../Drivers/lvgl/src/core/lv_refr.c:696:13:refr_area_part	144	static
../Drivers/lvgl/src/core/lv_refr.c:805:19:lv_refr_get_top_obj	40	static
../Drivers/lvgl/src/core/lv_refr.c:845:13:refr_obj_and_children	40	static
../Drivers/lvgl/src/core/lv_refr.c:891:17:layer_get_area	72	static
../Drivers/lvgl/src/core/lv_refr.c:935:13:layer_alpha_test	40	static
../Drivers/lvgl/src/core/lv_refr.c:964:6:refr_obj	80	static
../Drivers/lvgl/src/core/lv_refr.c:1049:17:get_max_row	32	static
../Drivers/lvgl/src/core/lv_refr.c:1087:13:draw_buf_rotate_180	48	static
../Drivers/lvgl/src/core/lv_refr.c:1111:35:draw_buf_rotate_90	48	static
../Drivers/lvgl/src/core/lv_refr.c:1134:20:draw_buf_rotate4	32	static
../Drivers/lvgl/src/core/lv_refr.c:1148:13:draw_buf_rotate_90_sqr	32	static
../Drivers/lvgl/src/core/lv_refr.c:1178:13:draw_buf_rotate	48	static
../Drivers/lvgl/src/core/lv_refr.c:1267:13:draw_buf_flush	32	static
../Drivers/lvgl/src/core/lv_refr.c:1310:13:call_flush_cb	32	static
