../Drivers/lvgl/src/draw/sw/../../misc/lv_color.h:438:48:lv_color_mix	32	static
../Drivers/lvgl/src/draw/sw/../../misc/lv_color.h:474:42:lv_color_premult	16	static
../Drivers/lvgl/src/draw/sw/../../misc/lv_color.h:499:48:lv_color_mix_premult	24	static
../Drivers/lvgl/src/draw/sw/../../misc/lv_color.h:594:26:lv_color_make	16	static
../Drivers/lvgl/src/draw/sw/../../misc/lv_color.h:699:26:lv_color_black	8	static
../Drivers/lvgl/src/draw/sw/../../misc/lv_area.h:123:26:lv_area_get_width	16	static
../Drivers/lvgl/src/draw/sw/../../misc/lv_area.h:133:26:lv_area_get_height	16	static
../Drivers/lvgl/src/draw/sw/lv_draw_sw_blend.c:95:6:lv_draw_sw_blend	24	static
../Drivers/lvgl/src/draw/sw/lv_draw_sw_blend.c:108:28:lv_draw_sw_blend_basic	96	static
../Drivers/lvgl/src/draw/sw/lv_draw_sw_blend.c:210:13:fill_set_px	80	static
../Drivers/lvgl/src/draw/sw/lv_draw_sw_blend.c:242:35:fill_normal	88	static
../Drivers/lvgl/src/draw/sw/lv_draw_sw_blend.c:534:13:fill_blended	64	static
../Drivers/lvgl/src/draw/sw/lv_draw_sw_blend.c:605:13:map_set_px	80	static
../Drivers/lvgl/src/draw/sw/lv_draw_sw_blend.c:641:35:map_normal	64	static
../Drivers/lvgl/src/draw/sw/lv_draw_sw_blend.c:878:13:map_blended	64	static
../Drivers/lvgl/src/draw/sw/lv_draw_sw_blend.c:950:26:color_blend_true_color_additive	24	static
../Drivers/lvgl/src/draw/sw/lv_draw_sw_blend.c:1003:26:color_blend_true_color_subtractive	24	static
../Drivers/lvgl/src/draw/sw/lv_draw_sw_blend.c:1029:26:color_blend_true_color_multiply	16	static
