C:/Users/cyfin/Documents/stm32/DisplayTest3/Drivers/lvgl/src/core/lv_obj_style_gen.h:505:24:lv_obj_get_style_opa	24	static
C:/Users/cyfin/Documents/stm32/DisplayTest3/Drivers/lvgl/src/widgets/lv_slider.h:84:20:lv_slider_set_value	24	static
C:/Users/cyfin/Documents/stm32/DisplayTest3/Drivers/lvgl/src/widgets/lv_slider.h:130:23:lv_slider_get_value	16	static
../Drivers/UI/ui_helpers.c:8:6:_ui_bar_set_property	24	static
../Drivers/UI/ui_helpers.c:14:6:_ui_basic_set_property	24	static
../Drivers/UI/ui_helpers.c:23:6:_ui_dropdown_set_property	24	static
../Drivers/UI/ui_helpers.c:28:6:_ui_image_set_property	24	static
../Drivers/UI/ui_helpers.c:33:6:_ui_label_set_property	24	static
../Drivers/UI/ui_helpers.c:39:6:_ui_roller_set_property	24	static
../Drivers/UI/ui_helpers.c:45:6:_ui_slider_set_property	24	static
../Drivers/UI/ui_helpers.c:52:6:_ui_screen_change	40	static
../Drivers/UI/ui_helpers.c:59:6:_ui_screen_delete	16	static
../Drivers/UI/ui_helpers.c:67:6:_ui_arc_increment	24	static
../Drivers/UI/ui_helpers.c:74:6:_ui_bar_increment	32	static
../Drivers/UI/ui_helpers.c:80:6:_ui_slider_increment	32	static
../Drivers/UI/ui_helpers.c:87:6:_ui_keyboard_set_target	16	static
../Drivers/UI/ui_helpers.c:92:6:_ui_flag_modify	24	static
../Drivers/UI/ui_helpers.c:101:6:_ui_state_modify	24	static
../Drivers/UI/ui_helpers.c:112:6:_ui_textarea_move_cursor	16	static
../Drivers/UI/ui_helpers.c:123:6:scr_unloaded_delete_cb	24	static
../Drivers/UI/ui_helpers.c:133:6:_ui_opacity_set	16	static
../Drivers/UI/ui_helpers.c:138:6:_ui_anim_callback_free_user_data	16	static
../Drivers/UI/ui_helpers.c:144:6:_ui_anim_callback_set_x	24	static
../Drivers/UI/ui_helpers.c:154:6:_ui_anim_callback_set_y	24	static
../Drivers/UI/ui_helpers.c:164:6:_ui_anim_callback_set_width	24	static
../Drivers/UI/ui_helpers.c:174:6:_ui_anim_callback_set_height	24	static
../Drivers/UI/ui_helpers.c:184:6:_ui_anim_callback_set_opacity	24	static
../Drivers/UI/ui_helpers.c:194:6:_ui_anim_callback_set_image_zoom	24	static
../Drivers/UI/ui_helpers.c:204:6:_ui_anim_callback_set_image_angle	24	static
../Drivers/UI/ui_helpers.c:214:6:_ui_anim_callback_set_image_frame	24	static
../Drivers/UI/ui_helpers.c:226:9:_ui_anim_callback_get_x	24	static
../Drivers/UI/ui_helpers.c:236:9:_ui_anim_callback_get_y	24	static
../Drivers/UI/ui_helpers.c:246:9:_ui_anim_callback_get_width	24	static
../Drivers/UI/ui_helpers.c:256:9:_ui_anim_callback_get_height	24	static
../Drivers/UI/ui_helpers.c:266:9:_ui_anim_callback_get_opacity	24	static
../Drivers/UI/ui_helpers.c:275:9:_ui_anim_callback_get_image_zoom	24	static
../Drivers/UI/ui_helpers.c:284:9:_ui_anim_callback_get_image_angle	24	static
../Drivers/UI/ui_helpers.c:293:9:_ui_anim_callback_get_image_frame	24	static
../Drivers/UI/ui_helpers.c:302:6:_ui_arc_set_text_value	64	static
../Drivers/UI/ui_helpers.c:311:6:_ui_slider_set_text_value	64	static
../Drivers/UI/ui_helpers.c:319:6:_ui_checked_set_text_value	24	static
../Drivers/UI/ui_helpers.c:326:6:_ui_spinbox_step	16	static
../Drivers/UI/ui_helpers.c:338:6:_ui_switch_theme	16	static
