../Drivers/lvgl/src/misc/lv_anim.c:56:6:_lv_anim_core_init	8	static
../Drivers/lvgl/src/misc/lv_anim.c:64:6:lv_anim_init	16	static
../Drivers/lvgl/src/misc/lv_anim.c:75:13:lv_anim_start	24	static
../Drivers/lvgl/src/misc/lv_anim.c:116:10:lv_anim_get_playtime	24	static
../Drivers/lvgl/src/misc/lv_anim.c:137:6:lv_anim_del	32	static
../Drivers/lvgl/src/misc/lv_anim.c:162:6:lv_anim_del_all	8	static
../Drivers/lvgl/src/misc/lv_anim.c:168:13:lv_anim_get	24	static
../Drivers/lvgl/src/misc/lv_anim.c:180:22:lv_anim_get_timer	4	static
../Drivers/lvgl/src/misc/lv_anim.c:185:10:lv_anim_count_running	16	static
../Drivers/lvgl/src/misc/lv_anim.c:194:10:lv_anim_speed_to_time	32	static
../Drivers/lvgl/src/misc/lv_anim.c:206:6:lv_anim_refr_now	8	static
../Drivers/lvgl/src/misc/lv_anim.c:211:9:lv_anim_path_linear	32	static
../Drivers/lvgl/src/misc/lv_anim.c:226:9:lv_anim_path_ease_in	40	static
../Drivers/lvgl/src/misc/lv_anim.c:240:9:lv_anim_path_ease_out	40	static
../Drivers/lvgl/src/misc/lv_anim.c:254:9:lv_anim_path_ease_in_out	40	static
../Drivers/lvgl/src/misc/lv_anim.c:268:9:lv_anim_path_overshoot	40	static
../Drivers/lvgl/src/misc/lv_anim.c:282:9:lv_anim_path_bounce	40	static
../Drivers/lvgl/src/misc/lv_anim.c:333:9:lv_anim_path_step	16	static
../Drivers/lvgl/src/misc/lv_anim.c:349:13:anim_timer	40	static
../Drivers/lvgl/src/misc/lv_anim.c:417:13:anim_ready_handler	24	static
../Drivers/lvgl/src/misc/lv_anim.c:462:13:anim_mark_list_change	8	static
