../Drivers/lvgl/src/misc/lv_color.h:594:26:lv_color_make	16	static
../Drivers/lvgl/src/misc/lv_color.h:695:26:lv_color_white	8	static
../Drivers/lvgl/src/misc/lv_color.h:699:26:lv_color_black	8	static
../Drivers/lvgl/src/misc/lv_style.h:448:30:lv_style_get_prop_inlined	56	static
../Drivers/lvgl/src/misc/lv_style.c:151:6:lv_style_init	16	static
../Drivers/lvgl/src/misc/lv_style.c:165:6:lv_style_reset	16	static
../Drivers/lvgl/src/misc/lv_style.c:181:17:lv_style_register_prop	32	static
../Drivers/lvgl/src/misc/lv_style.c:217:17:lv_style_get_num_custom_props	4	static
../Drivers/lvgl/src/misc/lv_style.c:222:6:lv_style_remove_prop	56	static
../Drivers/lvgl/src/misc/lv_style.c:283:6:lv_style_set_prop	24	static
../Drivers/lvgl/src/misc/lv_style.c:288:6:lv_style_set_prop_meta	16	static
../Drivers/lvgl/src/misc/lv_style.c:293:16:lv_style_get_prop	24	static
../Drivers/lvgl/src/misc/lv_style.c:298:6:lv_style_transition_dsc_init	24	static
../Drivers/lvgl/src/misc/lv_style.c:313:18:lv_style_prop_get_default	24	static
../Drivers/lvgl/src/misc/lv_style.c:367:6:lv_style_is_empty	16	static
../Drivers/lvgl/src/misc/lv_style.c:374:9:_lv_style_get_prop_group	24	static
../Drivers/lvgl/src/misc/lv_style.c:381:9:_lv_style_prop_lookup_flags	16	static
../Drivers/lvgl/src/misc/lv_style.c:400:13:lv_style_set_prop_helper	24	static
../Drivers/lvgl/src/misc/lv_style.c:407:13:lv_style_set_prop_meta_helper	24	static
../Drivers/lvgl/src/misc/lv_style.c:415:13:lv_style_set_prop_internal	96	static
