../Drivers/lvgl/src/misc/lv_tlsf.c:94:15:tlsf_ffs	16	static
../Drivers/lvgl/src/misc/lv_tlsf.c:101:15:tlsf_fls	24	static
../Drivers/lvgl/src/misc/lv_tlsf.c:381:15:block_size	16	static
../Drivers/lvgl/src/misc/lv_tlsf.c:386:13:block_set_size	24	static
../Drivers/lvgl/src/misc/lv_tlsf.c:392:12:block_is_last	16	static
../Drivers/lvgl/src/misc/lv_tlsf.c:397:12:block_is_free	16	static
../Drivers/lvgl/src/misc/lv_tlsf.c:402:13:block_set_free	16	static
../Drivers/lvgl/src/misc/lv_tlsf.c:407:13:block_set_used	16	static
../Drivers/lvgl/src/misc/lv_tlsf.c:412:12:block_is_prev_free	16	static
../Drivers/lvgl/src/misc/lv_tlsf.c:417:13:block_set_prev_free	16	static
../Drivers/lvgl/src/misc/lv_tlsf.c:422:13:block_set_prev_used	16	static
../Drivers/lvgl/src/misc/lv_tlsf.c:427:25:block_from_ptr	16	static
../Drivers/lvgl/src/misc/lv_tlsf.c:433:15:block_to_ptr	16	static
../Drivers/lvgl/src/misc/lv_tlsf.c:440:25:offset_to_block	16	static
../Drivers/lvgl/src/misc/lv_tlsf.c:446:25:block_prev	16	static
../Drivers/lvgl/src/misc/lv_tlsf.c:453:25:block_next	32	static
../Drivers/lvgl/src/misc/lv_tlsf.c:462:25:block_link_next	24	static
../Drivers/lvgl/src/misc/lv_tlsf.c:469:13:block_mark_as_free	24	static
../Drivers/lvgl/src/misc/lv_tlsf.c:477:13:block_mark_as_used	24	static
../Drivers/lvgl/src/misc/lv_tlsf.c:484:15:align_up	16	static
../Drivers/lvgl/src/misc/lv_tlsf.c:490:15:align_down	16	static
../Drivers/lvgl/src/misc/lv_tlsf.c:496:15:align_ptr	24	static
../Drivers/lvgl/src/misc/lv_tlsf.c:508:15:adjust_request_size	24	static
../Drivers/lvgl/src/misc/lv_tlsf.c:527:13:mapping_insert	32	static
../Drivers/lvgl/src/misc/lv_tlsf.c:545:13:mapping_search	32	static
../Drivers/lvgl/src/misc/lv_tlsf.c:554:25:search_suitable_block	40	static
../Drivers/lvgl/src/misc/lv_tlsf.c:585:13:remove_free_block	32	static
../Drivers/lvgl/src/misc/lv_tlsf.c:611:13:insert_free_block	40	static
../Drivers/lvgl/src/misc/lv_tlsf.c:632:13:block_remove	24	static
../Drivers/lvgl/src/misc/lv_tlsf.c:640:13:block_insert	24	static
../Drivers/lvgl/src/misc/lv_tlsf.c:647:12:block_can_split	16	static
../Drivers/lvgl/src/misc/lv_tlsf.c:653:25:block_split	32	static
../Drivers/lvgl/src/misc/lv_tlsf.c:675:25:block_absorb	16	static
../Drivers/lvgl/src/misc/lv_tlsf.c:685:25:block_merge_prev	24	static
../Drivers/lvgl/src/misc/lv_tlsf.c:699:25:block_merge_next	24	static
../Drivers/lvgl/src/misc/lv_tlsf.c:714:13:block_trim_free	32	static
../Drivers/lvgl/src/misc/lv_tlsf.c:726:13:block_trim_used	32	static
../Drivers/lvgl/src/misc/lv_tlsf.c:739:25:block_trim_free_leading	32	static
../Drivers/lvgl/src/misc/lv_tlsf.c:754:25:block_locate_free	32	static
../Drivers/lvgl/src/misc/lv_tlsf.c:781:15:block_prepare_used	32	static
../Drivers/lvgl/src/misc/lv_tlsf.c:794:13:control_constructor	24	static
../Drivers/lvgl/src/misc/lv_tlsf.c:821:13:integrity_walker	48	static
../Drivers/lvgl/src/misc/lv_tlsf.c:838:5:lv_tlsf_check	56	static
../Drivers/lvgl/src/misc/lv_tlsf.c:887:13:default_walker	24	static
../Drivers/lvgl/src/misc/lv_tlsf.c:893:6:lv_tlsf_walk_pool	48	static
../Drivers/lvgl/src/misc/lv_tlsf.c:909:8:lv_tlsf_block_size	24	static
../Drivers/lvgl/src/misc/lv_tlsf.c:919:5:lv_tlsf_check_pool	24	static
../Drivers/lvgl/src/misc/lv_tlsf.c:932:8:lv_tlsf_size	4	static
../Drivers/lvgl/src/misc/lv_tlsf.c:937:8:lv_tlsf_align_size	4	static
../Drivers/lvgl/src/misc/lv_tlsf.c:942:8:lv_tlsf_block_size_min	4	static
../Drivers/lvgl/src/misc/lv_tlsf.c:947:8:lv_tlsf_block_size_max	4	static
../Drivers/lvgl/src/misc/lv_tlsf.c:957:8:lv_tlsf_pool_overhead	4	static
../Drivers/lvgl/src/misc/lv_tlsf.c:962:8:lv_tlsf_alloc_overhead	4	static
../Drivers/lvgl/src/misc/lv_tlsf.c:967:11:lv_tlsf_add_pool	40	static
../Drivers/lvgl/src/misc/lv_tlsf.c:1014:6:lv_tlsf_remove_pool	32	static
../Drivers/lvgl/src/misc/lv_tlsf.c:1060:11:lv_tlsf_create	16	static
../Drivers/lvgl/src/misc/lv_tlsf.c:1079:11:lv_tlsf_create_with_pool	32	static
../Drivers/lvgl/src/misc/lv_tlsf.c:1086:6:lv_tlsf_destroy	16	static
../Drivers/lvgl/src/misc/lv_tlsf.c:1092:11:lv_tlsf_get_pool	16	static
../Drivers/lvgl/src/misc/lv_tlsf.c:1097:8:lv_tlsf_malloc	32	static
../Drivers/lvgl/src/misc/lv_tlsf.c:1105:8:lv_tlsf_memalign	72	static
../Drivers/lvgl/src/misc/lv_tlsf.c:1159:8:lv_tlsf_free	32	static
../Drivers/lvgl/src/misc/lv_tlsf.c:1190:8:lv_tlsf_realloc	56	static
