../Drivers/CMSIS/Include/core_cm7.h:2229:22:SCB_EnableICache	4	static,ignoring_inline_asm
../Drivers/CMSIS/Include/core_cm7.h:2281:22:SCB_EnableDCache	24	static,ignoring_inline_asm
C:/Users/cyfin/Documents/stm32/DisplayTest3/Drivers/lvgl/src/lv_api_map.h:35:51:lv_task_handler	8	static
../Core/Src/main.c:81:5:main	8	static
../Core/Src/main.c:142:6:SystemClock_Config	88	static
../Core/Src/main.c:200:13:MX_CAN1_Init	8	static
../Core/Src/main.c:237:13:MX_DMA2D_Init	8	static
../Core/Src/main.c:276:13:MX_LTDC_Init	64	static
../Core/Src/main.c:338:13:MX_USART3_UART_Init	8	static
../Core/Src/main.c:373:13:MX_USB_OTG_FS_PCD_Init	8	static
../Core/Src/main.c:408:13:MX_GPIO_Init	64	static
../Core/Src/main.c:484:6:Error_Handler	4	static,ignoring_inline_asm
