../Drivers/CMSIS/Include/core_cm7.h:2229:22:SCB_EnableICache	4	static,ignoring_inline_asm
C:/Users/cyfin/Documents/stm32/DisplayTest3/Drivers/lvgl/src/lv_api_map.h:35:51:lv_task_handler	8	static
../Core/Src/main.c:88:5:main	16	static
../Core/Src/main.c:164:6:SystemClock_Config	88	static
../Core/Src/main.c:219:13:MX_ADC1_Init	24	static
../Core/Src/main.c:271:13:MX_CAN1_Init	8	static
../Core/Src/main.c:308:13:MX_DMA2D_Init	8	static
../Core/Src/main.c:347:13:MX_LTDC_Init	64	static
../Core/Src/main.c:409:13:MX_TIM12_Init	56	static
../Core/Src/main.c:461:13:MX_USART3_UART_Init	8	static
../Core/Src/main.c:496:13:MX_GPIO_Init	64	static
../Core/Src/main.c:586:6:Error_Handler	4	static,ignoring_inline_asm
