../Drivers/lvgl/src/extra/layouts/flex/../flex/../../../core/../misc/../font/../misc/lv_area.h:110:20:lv_area_copy	16	static
../Drivers/lvgl/src/extra/layouts/flex/../flex/../../../core/../misc/../font/../misc/lv_area.h:123:26:lv_area_get_width	16	static
../Drivers/lvgl/src/extra/layouts/flex/../flex/../../../core/../misc/../font/../misc/lv_area.h:133:26:lv_area_get_height	16	static
../Drivers/lvgl/src/extra/layouts/flex/../flex/../../../core/lv_obj_style_gen.h:1:26:lv_obj_get_style_width	24	static
../Drivers/lvgl/src/extra/layouts/flex/../flex/../../../core/lv_obj_style_gen.h:7:26:lv_obj_get_style_min_width	24	static
../Drivers/lvgl/src/extra/layouts/flex/../flex/../../../core/lv_obj_style_gen.h:13:26:lv_obj_get_style_max_width	24	static
../Drivers/lvgl/src/extra/layouts/flex/../flex/../../../core/lv_obj_style_gen.h:19:26:lv_obj_get_style_height	24	static
../Drivers/lvgl/src/extra/layouts/flex/../flex/../../../core/lv_obj_style_gen.h:25:26:lv_obj_get_style_min_height	24	static
../Drivers/lvgl/src/extra/layouts/flex/../flex/../../../core/lv_obj_style_gen.h:31:26:lv_obj_get_style_max_height	24	static
../Drivers/lvgl/src/extra/layouts/flex/../flex/../../../core/lv_obj_style_gen.h:67:26:lv_obj_get_style_translate_x	24	static
../Drivers/lvgl/src/extra/layouts/flex/../flex/../../../core/lv_obj_style_gen.h:73:26:lv_obj_get_style_translate_y	24	static
../Drivers/lvgl/src/extra/layouts/flex/../flex/../../../core/lv_obj_style_gen.h:103:26:lv_obj_get_style_pad_top	24	static
../Drivers/lvgl/src/extra/layouts/flex/../flex/../../../core/lv_obj_style_gen.h:115:26:lv_obj_get_style_pad_left	24	static
../Drivers/lvgl/src/extra/layouts/flex/../flex/../../../core/lv_obj_style_gen.h:127:26:lv_obj_get_style_pad_row	24	static
../Drivers/lvgl/src/extra/layouts/flex/../flex/../../../core/lv_obj_style_gen.h:133:26:lv_obj_get_style_pad_column	24	static
../Drivers/lvgl/src/extra/layouts/flex/../flex/../../../core/lv_obj_style_gen.h:253:26:lv_obj_get_style_border_width	24	static
../Drivers/lvgl/src/extra/layouts/flex/../flex/../../../core/lv_obj_style_gen.h:565:29:lv_obj_get_style_base_dir	24	static
../Drivers/lvgl/src/extra/layouts/flex/../flex/lv_flex.h:112:30:lv_obj_get_style_flex_flow	24	static
../Drivers/lvgl/src/extra/layouts/flex/../flex/lv_flex.h:118:31:lv_obj_get_style_flex_main_place	24	static
../Drivers/lvgl/src/extra/layouts/flex/../flex/lv_flex.h:124:31:lv_obj_get_style_flex_cross_place	24	static
../Drivers/lvgl/src/extra/layouts/flex/../flex/lv_flex.h:130:31:lv_obj_get_style_flex_track_place	24	static
../Drivers/lvgl/src/extra/layouts/flex/../flex/lv_flex.h:136:23:lv_obj_get_style_flex_grow	24	static
../Drivers/lvgl/src/extra/layouts/flex/lv_flex.c:90:6:lv_flex_init	8	static
../Drivers/lvgl/src/extra/layouts/flex/lv_flex.c:101:6:lv_obj_set_flex_flow	16	static
../Drivers/lvgl/src/extra/layouts/flex/lv_flex.c:107:6:lv_obj_set_flex_align	16	static
../Drivers/lvgl/src/extra/layouts/flex/lv_flex.c:116:6:lv_obj_set_flex_grow	16	static
../Drivers/lvgl/src/extra/layouts/flex/lv_flex.c:122:6:lv_style_set_flex_flow	24	static
../Drivers/lvgl/src/extra/layouts/flex/lv_flex.c:130:6:lv_style_set_flex_main_place	24	static
../Drivers/lvgl/src/extra/layouts/flex/lv_flex.c:138:6:lv_style_set_flex_cross_place	24	static
../Drivers/lvgl/src/extra/layouts/flex/lv_flex.c:146:6:lv_style_set_flex_track_place	24	static
../Drivers/lvgl/src/extra/layouts/flex/lv_flex.c:154:6:lv_style_set_flex_grow	24	static
../Drivers/lvgl/src/extra/layouts/flex/lv_flex.c:162:6:lv_obj_set_style_flex_flow	32	static
../Drivers/lvgl/src/extra/layouts/flex/lv_flex.c:170:6:lv_obj_set_style_flex_main_place	32	static
../Drivers/lvgl/src/extra/layouts/flex/lv_flex.c:178:6:lv_obj_set_style_flex_cross_place	32	static
../Drivers/lvgl/src/extra/layouts/flex/lv_flex.c:186:6:lv_obj_set_style_flex_track_place	32	static
../Drivers/lvgl/src/extra/layouts/flex/lv_flex.c:194:6:lv_obj_set_style_flex_grow	32	static
../Drivers/lvgl/src/extra/layouts/flex/lv_flex.c:206:13:flex_update	152	static
../Drivers/lvgl/src/extra/layouts/flex/lv_flex.c:314:16:find_track_end	56	static
../Drivers/lvgl/src/extra/layouts/flex/lv_flex.c:401:13:children_repos	112	static
../Drivers/lvgl/src/extra/layouts/flex/lv_flex.c:542:13:place_content	16	static
../Drivers/lvgl/src/extra/layouts/flex/lv_flex.c:582:19:get_next_item	24	static
