../Drivers/lvgl/examples/widgets/imgbtn/../../../src/hal/../draw/../misc/lv_color.h:594:26:lv_color_make	16	static
../Drivers/lvgl/examples/widgets/imgbtn/../../../src/hal/../draw/../misc/lv_color.h:695:26:lv_color_white	8	static
../Drivers/lvgl/examples/widgets/imgbtn/../../../src/hal/../draw/../misc/lv_color.h:699:26:lv_color_black	8	static
../Drivers/lvgl/examples/widgets/imgbtn/../../../src/core/lv_disp.h:182:26:lv_scr_act	8	static
../Drivers/lvgl/examples/widgets/imgbtn/lv_example_imgbtn_1.c:4:6:lv_example_imgbtn_1	24	static
