../Drivers/lvgl/src/draw/../misc/../font/../misc/lv_area.h:110:20:lv_area_copy	16	static
../Drivers/lvgl/src/draw/../misc/../font/../misc/lv_area.h:123:26:lv_area_get_width	16	static
../Drivers/lvgl/src/draw/../misc/../font/../misc/lv_area.h:133:26:lv_area_get_height	16	static
../Drivers/lvgl/src/draw/lv_draw_mask.c:81:9:lv_draw_mask_add	24	static
../Drivers/lvgl/src/draw/lv_draw_mask.c:111:42:lv_draw_mask_apply	56	static
../Drivers/lvgl/src/draw/lv_draw_mask.c:145:42:lv_draw_mask_apply_ids	64	static
../Drivers/lvgl/src/draw/lv_draw_mask.c:172:8:lv_draw_mask_remove_id	24	static
../Drivers/lvgl/src/draw/lv_draw_mask.c:191:8:lv_draw_mask_remove_custom	24	static
../Drivers/lvgl/src/draw/lv_draw_mask.c:211:6:lv_draw_mask_free_param	32	static
../Drivers/lvgl/src/draw/lv_draw_mask.c:232:6:_lv_draw_mask_cleanup	16	static
../Drivers/lvgl/src/draw/lv_draw_mask.c:247:31:lv_draw_mask_get_cnt	16	static
../Drivers/lvgl/src/draw/lv_draw_mask.c:257:6:lv_draw_mask_is_any	32	static
../Drivers/lvgl/src/draw/lv_draw_mask.c:294:6:lv_draw_mask_line_points_init	48	static
../Drivers/lvgl/src/draw/lv_draw_mask.c:388:6:lv_draw_mask_line_angle_init	48	static
../Drivers/lvgl/src/draw/lv_draw_mask.c:414:6:lv_draw_mask_angle_init	48	static
../Drivers/lvgl/src/draw/lv_draw_mask.c:475:6:lv_draw_mask_radius_init	40	static
../Drivers/lvgl/src/draw/lv_draw_mask.c:541:6:lv_draw_mask_fade_init	24	static
../Drivers/lvgl/src/draw/lv_draw_mask.c:560:6:lv_draw_mask_map_init	24	static
../Drivers/lvgl/src/draw/lv_draw_mask.c:568:6:lv_draw_mask_polygon_init	32	static
../Drivers/lvgl/src/draw/lv_draw_mask.c:597:49:lv_draw_mask_line	48	static
../Drivers/lvgl/src/draw/lv_draw_mask.c:657:49:line_mask_flat	64	static
../Drivers/lvgl/src/draw/lv_draw_mask.c:773:49:line_mask_steep	80	static
../Drivers/lvgl/src/draw/lv_draw_mask.c:915:49:lv_draw_mask_angle	104	static
../Drivers/lvgl/src/draw/lv_draw_mask.c:1052:49:lv_draw_mask_radius	104	static
../Drivers/lvgl/src/draw/lv_draw_mask.c:1168:49:lv_draw_mask_fade	56	static
../Drivers/lvgl/src/draw/lv_draw_mask.c:1214:49:lv_draw_mask_map	48	static
../Drivers/lvgl/src/draw/lv_draw_mask.c:1248:49:lv_draw_mask_polygon	144	static
../Drivers/lvgl/src/draw/lv_draw_mask.c:1327:13:circ_init	24	static
../Drivers/lvgl/src/draw/lv_draw_mask.c:1339:13:circ_cont	16	static
../Drivers/lvgl/src/draw/lv_draw_mask.c:1349:13:circ_next	16	static
../Drivers/lvgl/src/draw/lv_draw_mask.c:1362:13:circ_calc_aa4	96	static
../Drivers/lvgl/src/draw/lv_draw_mask.c:1510:19:get_next_line	24	static
../Drivers/lvgl/src/draw/lv_draw_mask.c:1518:46:mask_mix	16	static
