../Drivers/lvgl/examples/widgets/slider/../../../src/hal/../draw/../misc/lv_color.h:594:26:lv_color_make	16	static
../Drivers/lvgl/examples/widgets/slider/../../../src/hal/../draw/../misc/lv_color.h:633:26:lv_color_hex3	16	static
../Drivers/lvgl/examples/widgets/slider/../../../src/hal/../draw/../misc/lv_style.h:529:20:lv_style_set_pad_all	16	static
../Drivers/lvgl/examples/widgets/slider/../../../src/hal/../draw/../misc/lv_style.h:543:20:lv_style_set_pad_ver	16	static
../Drivers/lvgl/examples/widgets/slider/../../../src/hal/../draw/sw/../../core/lv_obj_pos.h:199:20:lv_obj_center	16	static
../Drivers/lvgl/examples/widgets/slider/../../../src/core/lv_obj_style.h:92:20:lv_obj_remove_style_all	16	static
../Drivers/lvgl/examples/widgets/slider/../../../src/core/lv_disp.h:182:26:lv_scr_act	8	static
../Drivers/lvgl/examples/widgets/slider/lv_example_slider_2.c:7:6:lv_example_slider_2	24	static
