../Drivers/lvgl/src/extra/widgets/spinner/../../../../src/misc/lv_anim.h:126:20:lv_anim_set_var	16	static
../Drivers/lvgl/src/extra/widgets/spinner/../../../../src/misc/lv_anim.h:138:20:lv_anim_set_exec_cb	16	static
../Drivers/lvgl/src/extra/widgets/spinner/../../../../src/misc/lv_anim.h:148:20:lv_anim_set_time	16	static
../Drivers/lvgl/src/extra/widgets/spinner/../../../../src/misc/lv_anim.h:169:20:lv_anim_set_values	24	static
../Drivers/lvgl/src/extra/widgets/spinner/../../../../src/misc/lv_anim.h:196:20:lv_anim_set_path_cb	16	static
../Drivers/lvgl/src/extra/widgets/spinner/../../../../src/misc/lv_anim.h:267:20:lv_anim_set_repeat_count	16	static
../Drivers/lvgl/src/extra/widgets/spinner/lv_spinner.c:51:12:lv_spinner_create	32	static
../Drivers/lvgl/src/extra/widgets/spinner/lv_spinner.c:65:13:lv_spinner_constructor	88	static
../Drivers/lvgl/src/extra/widgets/spinner/lv_spinner.c:91:13:arc_anim_start_angle	16	static
../Drivers/lvgl/src/extra/widgets/spinner/lv_spinner.c:96:13:arc_anim_end_angle	16	static
